before
Aaa
before
f is 35
before
Bbb 30
before
g is 0
