2
281474976710654
3
2
-2
42
42
42
42
42.
42.
42.
42.
